---
source: mondrian-charts/src/fiberplane/tests/test_generate_stacked_bar_chart_from_timeseries.rs
expression: svg_lines
---
[
    "<svg xmlns=\"http://www.w3.org/2000/svg\" version=\"1.1\" width=\"640\" height=\"480\">",
    "<defs>",
    "<clipPath id=\"clip-path\">",
    "<rect x=\"0\" y=\"-4\" width=\"564\" height=\"448\" />",
    "</clipPath>",
    "</defs>",
    "<g transform=\"translate(76, 0)\">",
    "<g>",
    "<line x1=\"25.6\" y1=\"0\" x2=\"25.6\" y2=\"440\" stroke=\"#e7e7e7\" />",
    "<line x1=\"76.9\" y1=\"0\" x2=\"76.9\" y2=\"440\" stroke=\"#e7e7e7\" />",
    "<line x1=\"128.2\" y1=\"0\" x2=\"128.2\" y2=\"440\" stroke=\"#e7e7e7\" />",
    "<line x1=\"179.5\" y1=\"0\" x2=\"179.5\" y2=\"440\" stroke=\"#e7e7e7\" />",
    "<line x1=\"230.7\" y1=\"0\" x2=\"230.7\" y2=\"440\" stroke=\"#e7e7e7\" />",
    "<line x1=\"282.0\" y1=\"0\" x2=\"282.0\" y2=\"440\" stroke=\"#e7e7e7\" />",
    "<line x1=\"333.3\" y1=\"0\" x2=\"333.3\" y2=\"440\" stroke=\"#e7e7e7\" />",
    "<line x1=\"384.5\" y1=\"0\" x2=\"384.5\" y2=\"440\" stroke=\"#e7e7e7\" />",
    "<line x1=\"435.8\" y1=\"0\" x2=\"435.8\" y2=\"440\" stroke=\"#e7e7e7\" />",
    "<line x1=\"487.1\" y1=\"0\" x2=\"487.1\" y2=\"440\" stroke=\"#e7e7e7\" />",
    "<line x1=\"538.4\" y1=\"0\" x2=\"538.4\" y2=\"440\" stroke=\"#e7e7e7\" />",
    "</g>",
    "<g transform=\"translate(0, 440)\">",
    "<line x1=\"0\" y1=\"0\" x2=\"564\" y2=\"0\" stroke=\"#e7e7e7\" />",
    "<text x=\"25.6\" y=\"20\" dy=\"16\" fill=\"#a4a4a4\" font-family=\"sans-serif\" font-size=\"20\" font-weight=\"400\" letter-spacing=\"0\" text-anchor=\"middle\">",
    "16:00:00</text>",
    "<text x=\"76.9\" y=\"20\" dy=\"16\" fill=\"#a4a4a4\" font-family=\"sans-serif\" font-size=\"20\" font-weight=\"400\" letter-spacing=\"0\" text-anchor=\"middle\">",
    "16:01:00</text>",
    "<text x=\"128.2\" y=\"20\" dy=\"16\" fill=\"#a4a4a4\" font-family=\"sans-serif\" font-size=\"20\" font-weight=\"400\" letter-spacing=\"0\" text-anchor=\"middle\">",
    "16:02:00</text>",
    "<text x=\"179.5\" y=\"20\" dy=\"16\" fill=\"#a4a4a4\" font-family=\"sans-serif\" font-size=\"20\" font-weight=\"400\" letter-spacing=\"0\" text-anchor=\"middle\">",
    "16:03:00</text>",
    "<text x=\"230.7\" y=\"20\" dy=\"16\" fill=\"#a4a4a4\" font-family=\"sans-serif\" font-size=\"20\" font-weight=\"400\" letter-spacing=\"0\" text-anchor=\"middle\">",
    "16:04:00</text>",
    "<text x=\"282.0\" y=\"20\" dy=\"16\" fill=\"#a4a4a4\" font-family=\"sans-serif\" font-size=\"20\" font-weight=\"400\" letter-spacing=\"0\" text-anchor=\"middle\">",
    "16:05:00</text>",
    "<text x=\"333.3\" y=\"20\" dy=\"16\" fill=\"#a4a4a4\" font-family=\"sans-serif\" font-size=\"20\" font-weight=\"400\" letter-spacing=\"0\" text-anchor=\"middle\">",
    "16:06:00</text>",
    "<text x=\"384.5\" y=\"20\" dy=\"16\" fill=\"#a4a4a4\" font-family=\"sans-serif\" font-size=\"20\" font-weight=\"400\" letter-spacing=\"0\" text-anchor=\"middle\">",
    "16:07:00</text>",
    "<text x=\"435.8\" y=\"20\" dy=\"16\" fill=\"#a4a4a4\" font-family=\"sans-serif\" font-size=\"20\" font-weight=\"400\" letter-spacing=\"0\" text-anchor=\"middle\">",
    "16:08:00</text>",
    "<text x=\"487.1\" y=\"20\" dy=\"16\" fill=\"#a4a4a4\" font-family=\"sans-serif\" font-size=\"20\" font-weight=\"400\" letter-spacing=\"0\" text-anchor=\"middle\">",
    "16:09:00</text>",
    "<text x=\"538.4\" y=\"20\" dy=\"16\" fill=\"#a4a4a4\" font-family=\"sans-serif\" font-size=\"20\" font-weight=\"400\" letter-spacing=\"0\" text-anchor=\"middle\">",
    "16:10:00</text>",
    "</g>",
    "<g>",
    "<line x1=\"0\" y1=\"0\" x2=\"0\" y2=\"440\" stroke=\"#e7e7e7\" />",
    "<line x1=\"564\" x2=\"564\" y1=\"0\" y2=\"440\" stroke=\"#e7e7e7\" />",
    "<text x=\"0\" y=\"825.0\" dx=\"-0.45em\" dy=\"0.25em\" text-anchor=\"end\" font-family=\"sans-serif\" font-size=\"20\" font-weight=\"400\" letter-spacing=\"0\" fill=\"#a4a4a4\">",
    "-70</text>",
    "<text x=\"0\" y=\"770.0\" dx=\"-0.45em\" dy=\"0.25em\" text-anchor=\"end\" font-family=\"sans-serif\" font-size=\"20\" font-weight=\"400\" letter-spacing=\"0\" fill=\"#a4a4a4\">",
    "-60</text>",
    "<text x=\"0\" y=\"715.0\" dx=\"-0.45em\" dy=\"0.25em\" text-anchor=\"end\" font-family=\"sans-serif\" font-size=\"20\" font-weight=\"400\" letter-spacing=\"0\" fill=\"#a4a4a4\">",
    "-50</text>",
    "<text x=\"0\" y=\"660.0\" dx=\"-0.45em\" dy=\"0.25em\" text-anchor=\"end\" font-family=\"sans-serif\" font-size=\"20\" font-weight=\"400\" letter-spacing=\"0\" fill=\"#a4a4a4\">",
    "-40</text>",
    "<text x=\"0\" y=\"605.0\" dx=\"-0.45em\" dy=\"0.25em\" text-anchor=\"end\" font-family=\"sans-serif\" font-size=\"20\" font-weight=\"400\" letter-spacing=\"0\" fill=\"#a4a4a4\">",
    "-30</text>",
    "<text x=\"0\" y=\"550.0\" dx=\"-0.45em\" dy=\"0.25em\" text-anchor=\"end\" font-family=\"sans-serif\" font-size=\"20\" font-weight=\"400\" letter-spacing=\"0\" fill=\"#a4a4a4\">",
    "-20</text>",
    "<text x=\"0\" y=\"495.0\" dx=\"-0.45em\" dy=\"0.25em\" text-anchor=\"end\" font-family=\"sans-serif\" font-size=\"20\" font-weight=\"400\" letter-spacing=\"0\" fill=\"#a4a4a4\">",
    "-10</text>",
    "<text x=\"0\" y=\"385.0\" dx=\"-0.45em\" dy=\"0.25em\" text-anchor=\"end\" font-family=\"sans-serif\" font-size=\"20\" font-weight=\"400\" letter-spacing=\"0\" fill=\"#a4a4a4\">",
    "10</text>",
    "<text x=\"0\" y=\"330.0\" dx=\"-0.45em\" dy=\"0.25em\" text-anchor=\"end\" font-family=\"sans-serif\" font-size=\"20\" font-weight=\"400\" letter-spacing=\"0\" fill=\"#a4a4a4\">",
    "20</text>",
    "<text x=\"0\" y=\"275.0\" dx=\"-0.45em\" dy=\"0.25em\" text-anchor=\"end\" font-family=\"sans-serif\" font-size=\"20\" font-weight=\"400\" letter-spacing=\"0\" fill=\"#a4a4a4\">",
    "30</text>",
    "<text x=\"0\" y=\"220.0\" dx=\"-0.45em\" dy=\"0.25em\" text-anchor=\"end\" font-family=\"sans-serif\" font-size=\"20\" font-weight=\"400\" letter-spacing=\"0\" fill=\"#a4a4a4\">",
    "40</text>",
    "<text x=\"0\" y=\"165.0\" dx=\"-0.45em\" dy=\"0.25em\" text-anchor=\"end\" font-family=\"sans-serif\" font-size=\"20\" font-weight=\"400\" letter-spacing=\"0\" fill=\"#a4a4a4\">",
    "50</text>",
    "<text x=\"0\" y=\"110.0\" dx=\"-0.45em\" dy=\"0.25em\" text-anchor=\"end\" font-family=\"sans-serif\" font-size=\"20\" font-weight=\"400\" letter-spacing=\"0\" fill=\"#a4a4a4\">",
    "60</text>",
    "</g>",
    "<g clip-path=\"url(#clip-path)\">",
    "<rect x=\"6.1\" y=\"385.0\" width=\"39.2\" height=\"55.0\" stroke=\"#c00eae\" fill=\"#c00eae\" fill-opacity=\"0.1\" opacity=\"1\" />",
    "<rect x=\"57.3\" y=\"357.5\" width=\"39.2\" height=\"82.5\" stroke=\"#c00eae\" fill=\"#c00eae\" fill-opacity=\"0.1\" opacity=\"1\" />",
    "<rect x=\"108.6\" y=\"330.0\" width=\"39.2\" height=\"110.0\" stroke=\"#c00eae\" fill=\"#c00eae\" fill-opacity=\"0.1\" opacity=\"1\" />",
    "<rect x=\"211.1\" y=\"302.5\" width=\"39.2\" height=\"137.5\" stroke=\"#c00eae\" fill=\"#c00eae\" fill-opacity=\"0.1\" opacity=\"1\" />",
    "<rect x=\"262.4\" y=\"275.0\" width=\"39.2\" height=\"165.0\" stroke=\"#c00eae\" fill=\"#c00eae\" fill-opacity=\"0.1\" opacity=\"1\" />",
    "<rect x=\"313.7\" y=\"302.5\" width=\"39.2\" height=\"137.5\" stroke=\"#c00eae\" fill=\"#c00eae\" fill-opacity=\"0.1\" opacity=\"1\" />",
    "<rect x=\"365.0\" y=\"330.0\" width=\"39.2\" height=\"110.0\" stroke=\"#c00eae\" fill=\"#c00eae\" fill-opacity=\"0.1\" opacity=\"1\" />",
    "<rect x=\"416.2\" y=\"357.5\" width=\"39.2\" height=\"82.5\" stroke=\"#c00eae\" fill=\"#c00eae\" fill-opacity=\"0.1\" opacity=\"1\" />",
    "<rect x=\"467.5\" y=\"385.0\" width=\"39.2\" height=\"55.0\" stroke=\"#c00eae\" fill=\"#c00eae\" fill-opacity=\"0.1\" opacity=\"1\" />",
    "<rect x=\"6.1\" y=\"165.0\" width=\"39.2\" height=\"220.0\" stroke=\"#23304a\" fill=\"#23304a\" fill-opacity=\"0.1\" opacity=\"1\" />",
    "<rect x=\"57.3\" y=\"192.5\" width=\"39.2\" height=\"165.0\" stroke=\"#23304a\" fill=\"#23304a\" fill-opacity=\"0.1\" opacity=\"1\" />",
    "<rect x=\"108.6\" y=\"220.0\" width=\"39.2\" height=\"110.0\" stroke=\"#23304a\" fill=\"#23304a\" fill-opacity=\"0.1\" opacity=\"1\" />",
    "<rect x=\"159.9\" y=\"385.0\" width=\"39.2\" height=\"55.0\" stroke=\"#23304a\" fill=\"#23304a\" fill-opacity=\"0.1\" opacity=\"1\" />",
    "<rect x=\"211.1\" y=\"192.5\" width=\"39.2\" height=\"110.0\" stroke=\"#23304a\" fill=\"#23304a\" fill-opacity=\"0.1\" opacity=\"1\" />",
    "<rect x=\"262.4\" y=\"110.0\" width=\"39.2\" height=\"165.0\" stroke=\"#23304a\" fill=\"#23304a\" fill-opacity=\"0.1\" opacity=\"1\" />",
    "<rect x=\"313.7\" y=\"82.5\" width=\"39.2\" height=\"220.0\" stroke=\"#23304a\" fill=\"#23304a\" fill-opacity=\"0.1\" opacity=\"1\" />",
    "<rect x=\"365.0\" y=\"55.0\" width=\"39.2\" height=\"275.0\" stroke=\"#23304a\" fill=\"#23304a\" fill-opacity=\"0.1\" opacity=\"1\" />",
    "<rect x=\"416.2\" y=\"27.5\" width=\"39.2\" height=\"330.0\" stroke=\"#23304a\" fill=\"#23304a\" fill-opacity=\"0.1\" opacity=\"1\" />",
    "<rect x=\"467.5\" y=\"0.0\" width=\"39.2\" height=\"385.0\" stroke=\"#23304a\" fill=\"#23304a\" fill-opacity=\"0.1\" opacity=\"1\" />",
    "</g>",
    "</g>",
    "</svg>",
]
