---
source: mondrian-charts/src/fiberplane/tests/test_generate_line_chart_from_timeseries.rs
expression: chart
---
xAxis:
  minValue: 1689696000
  maxValue: 1689696600
  tickSuggestions:
    - 1689696000
    - 1689696060
    - 1689696120
    - 1689696180
    - 1689696240
    - 1689696300
    - 1689696360
    - 1689696420
    - 1689696480
    - 1689696540
yAxis:
  minValue: 9
  maxValue: 40
  tickSuggestions: ~
shapeLists:
  - shapes:
      - type: line
        points:
          - x: 0
            y: 0.03225806451612903
            source:
              time: "2023-07-18T16:00:00Z"
              attributes: {}
              resource: {}
              value: 10
          - x: 0.1
            y: 0.1935483870967742
            source:
              time: "2023-07-18T16:01:00Z"
              attributes: {}
              resource: {}
              value: 15
          - x: 0.2
            y: 0.3548387096774194
            source:
              time: "2023-07-18T16:02:00Z"
              attributes: {}
              resource: {}
              value: 20
        areaGradientShown: ~
      - type: line
        points:
          - x: 0.4
            y: 0.5161290322580645
            source:
              time: "2023-07-18T16:04:00Z"
              attributes: {}
              resource: {}
              value: 25
          - x: 0.5
            y: 0.6774193548387096
            source:
              time: "2023-07-18T16:05:00Z"
              attributes: {}
              resource: {}
              value: 30
          - x: 0.6
            y: 0.5161290322580645
            source:
              time: "2023-07-18T16:06:00Z"
              attributes: {}
              resource: {}
              value: 25
          - x: 0.7
            y: 0.3548387096774194
            source:
              time: "2023-07-18T16:07:00Z"
              attributes: {}
              resource: {}
              value: 20
          - x: 0.8
            y: 0.1935483870967742
            source:
              time: "2023-07-18T16:08:00Z"
              attributes: {}
              resource: {}
              value: 15
          - x: 0.9
            y: 0.03225806451612903
            source:
              time: "2023-07-18T16:09:00Z"
              attributes: {}
              resource: {}
              value: 10
        areaGradientShown: ~
    source:
      name: dummy_data
      labels: {}
      metrics:
        - time: "2023-07-18T16:00:00Z"
          attributes: {}
          resource: {}
          value: 10
        - time: "2023-07-18T16:01:00Z"
          attributes: {}
          resource: {}
          value: 15
        - time: "2023-07-18T16:02:00Z"
          attributes: {}
          resource: {}
          value: 20
        - time: "2023-07-18T16:04:00Z"
          attributes: {}
          resource: {}
          value: 25
        - time: "2023-07-18T16:05:00Z"
          attributes: {}
          resource: {}
          value: 30
        - time: "2023-07-18T16:06:00Z"
          attributes: {}
          resource: {}
          value: 25
        - time: "2023-07-18T16:07:00Z"
          attributes: {}
          resource: {}
          value: 20
        - time: "2023-07-18T16:08:00Z"
          attributes: {}
          resource: {}
          value: 15
        - time: "2023-07-18T16:09:00Z"
          attributes: {}
          resource: {}
          value: 10
      attributes: {}
      resource: {}
      visible: true

